exports[`grid jest save save snapshot 1`] = `"{\"enemies\":[],\"decor\":[],\"blocks\":[[{\"t\":\"0\",\"b\":\"0\"},{\"t\":\"0\",\"b\":\"0\"}],[{\"t\":\"0\",\"b\":\"0\"},{\"t\":\"0\",\"b\":\"0\"}]]}"`;
